Archive member included to satisfy reference by file (symbol)

C:/ST/STM32CubeIDE_1.12.1/STM32CubeIDE/plugins/com.st.stm32cube.ide.mcu.externaltools.gnu-tools-for-stm32.12.3.rel1.win32_1.0.200.202406191623/tools/bin/../lib/gcc/arm-none-eabi/12.3.1/../../../../arm-none-eabi/lib/thumb/v7-m/nofp\libc_nano.a(libc_a-exit.o)
                              C:/ST/STM32CubeIDE_1.12.1/STM32CubeIDE/plugins/com.st.stm32cube.ide.mcu.externaltools.gnu-tools-for-stm32.12.3.rel1.win32_1.0.200.202406191623/tools/bin/../lib/gcc/arm-none-eabi/12.3.1/../../../../arm-none-eabi/lib/thumb/v7-m/nofp/crt0.o (exit)
C:/ST/STM32CubeIDE_1.12.1/STM32CubeIDE/plugins/com.st.stm32cube.ide.mcu.externaltools.gnu-tools-for-stm32.12.3.rel1.win32_1.0.200.202406191623/tools/bin/../lib/gcc/arm-none-eabi/12.3.1/../../../../arm-none-eabi/lib/thumb/v7-m/nofp\libc_nano.a(libc_a-findfp.o)
                              C:/ST/STM32CubeIDE_1.12.1/STM32CubeIDE/plugins/com.st.stm32cube.ide.mcu.externaltools.gnu-tools-for-stm32.12.3.rel1.win32_1.0.200.202406191623/tools/bin/../lib/gcc/arm-none-eabi/12.3.1/../../../../arm-none-eabi/lib/thumb/v7-m/nofp\libc_nano.a(libc_a-exit.o) (__stdio_exit_handler)
C:/ST/STM32CubeIDE_1.12.1/STM32CubeIDE/plugins/com.st.stm32cube.ide.mcu.externaltools.gnu-tools-for-stm32.12.3.rel1.win32_1.0.200.202406191623/tools/bin/../lib/gcc/arm-none-eabi/12.3.1/../../../../arm-none-eabi/lib/thumb/v7-m/nofp\libc_nano.a(libc_a-fwalk.o)
                              C:/ST/STM32CubeIDE_1.12.1/STM32CubeIDE/plugins/com.st.stm32cube.ide.mcu.externaltools.gnu-tools-for-stm32.12.3.rel1.win32_1.0.200.202406191623/tools/bin/../lib/gcc/arm-none-eabi/12.3.1/../../../../arm-none-eabi/lib/thumb/v7-m/nofp\libc_nano.a(libc_a-findfp.o) (_fwalk_sglue)
C:/ST/STM32CubeIDE_1.12.1/STM32CubeIDE/plugins/com.st.stm32cube.ide.mcu.externaltools.gnu-tools-for-stm32.12.3.rel1.win32_1.0.200.202406191623/tools/bin/../lib/gcc/arm-none-eabi/12.3.1/../../../../arm-none-eabi/lib/thumb/v7-m/nofp\libc_nano.a(libc_a-stdio.o)
                              C:/ST/STM32CubeIDE_1.12.1/STM32CubeIDE/plugins/com.st.stm32cube.ide.mcu.externaltools.gnu-tools-for-stm32.12.3.rel1.win32_1.0.200.202406191623/tools/bin/../lib/gcc/arm-none-eabi/12.3.1/../../../../arm-none-eabi/lib/thumb/v7-m/nofp\libc_nano.a(libc_a-findfp.o) (__sread)
C:/ST/STM32CubeIDE_1.12.1/STM32CubeIDE/plugins/com.st.stm32cube.ide.mcu.externaltools.gnu-tools-for-stm32.12.3.rel1.win32_1.0.200.202406191623/tools/bin/../lib/gcc/arm-none-eabi/12.3.1/../../../../arm-none-eabi/lib/thumb/v7-m/nofp\libc_nano.a(libc_a-memset.o)
                              C:/ST/STM32CubeIDE_1.12.1/STM32CubeIDE/plugins/com.st.stm32cube.ide.mcu.externaltools.gnu-tools-for-stm32.12.3.rel1.win32_1.0.200.202406191623/tools/bin/../lib/gcc/arm-none-eabi/12.3.1/../../../../arm-none-eabi/lib/thumb/v7-m/nofp/crt0.o (memset)
C:/ST/STM32CubeIDE_1.12.1/STM32CubeIDE/plugins/com.st.stm32cube.ide.mcu.externaltools.gnu-tools-for-stm32.12.3.rel1.win32_1.0.200.202406191623/tools/bin/../lib/gcc/arm-none-eabi/12.3.1/../../../../arm-none-eabi/lib/thumb/v7-m/nofp\libc_nano.a(libc_a-closer.o)
                              C:/ST/STM32CubeIDE_1.12.1/STM32CubeIDE/plugins/com.st.stm32cube.ide.mcu.externaltools.gnu-tools-for-stm32.12.3.rel1.win32_1.0.200.202406191623/tools/bin/../lib/gcc/arm-none-eabi/12.3.1/../../../../arm-none-eabi/lib/thumb/v7-m/nofp\libc_nano.a(libc_a-stdio.o) (_close_r)
C:/ST/STM32CubeIDE_1.12.1/STM32CubeIDE/plugins/com.st.stm32cube.ide.mcu.externaltools.gnu-tools-for-stm32.12.3.rel1.win32_1.0.200.202406191623/tools/bin/../lib/gcc/arm-none-eabi/12.3.1/../../../../arm-none-eabi/lib/thumb/v7-m/nofp\libc_nano.a(libc_a-reent.o)
                              C:/ST/STM32CubeIDE_1.12.1/STM32CubeIDE/plugins/com.st.stm32cube.ide.mcu.externaltools.gnu-tools-for-stm32.12.3.rel1.win32_1.0.200.202406191623/tools/bin/../lib/gcc/arm-none-eabi/12.3.1/../../../../arm-none-eabi/lib/thumb/v7-m/nofp\libc_nano.a(libc_a-closer.o) (errno)
C:/ST/STM32CubeIDE_1.12.1/STM32CubeIDE/plugins/com.st.stm32cube.ide.mcu.externaltools.gnu-tools-for-stm32.12.3.rel1.win32_1.0.200.202406191623/tools/bin/../lib/gcc/arm-none-eabi/12.3.1/../../../../arm-none-eabi/lib/thumb/v7-m/nofp\libc_nano.a(libc_a-impure.o)
                              C:/ST/STM32CubeIDE_1.12.1/STM32CubeIDE/plugins/com.st.stm32cube.ide.mcu.externaltools.gnu-tools-for-stm32.12.3.rel1.win32_1.0.200.202406191623/tools/bin/../lib/gcc/arm-none-eabi/12.3.1/../../../../arm-none-eabi/lib/thumb/v7-m/nofp\libc_nano.a(libc_a-reent.o) (_impure_ptr)
C:/ST/STM32CubeIDE_1.12.1/STM32CubeIDE/plugins/com.st.stm32cube.ide.mcu.externaltools.gnu-tools-for-stm32.12.3.rel1.win32_1.0.200.202406191623/tools/bin/../lib/gcc/arm-none-eabi/12.3.1/../../../../arm-none-eabi/lib/thumb/v7-m/nofp\libc_nano.a(libc_a-lseekr.o)
[...]
Memory Configuration

Name             Origin             Length             Attributes
RAM              0x20000000         0x00005000         xrw
FLASH            0x08000000         0x00010000         xr
*default*        0x00000000         0xffffffff

Linker script and memory map

LOAD C:/ST/STM32CubeIDE_1.12.1/STM32CubeIDE/plugins/com.st.stm32cube.ide.mcu.externaltools.gnu-tools-for-stm32.12.3.rel1.win32_1.0.200.202406191623/tools/bin/../lib/gcc/arm-none-eabi/12.3.1/thumb/v7-m/nofp/crti.o
LOAD C:/ST/STM32CubeIDE_1.12.1/STM32CubeIDE/plugins/com.st.stm32cube.ide.mcu.externaltools.gnu-tools-for-stm32.12.3.rel1.win32_1.0.200.202406191623/tools/bin/../lib/gcc/arm-none-eabi/12.3.1/thumb/v7-m/nofp/crtbegin.o
LOAD C:/ST/STM32CubeIDE_1.12.1/STM32CubeIDE/plugins/com.st.stm32cube.ide.mcu.externaltools.gnu-tools-for-stm32.12.3.rel1.win32_1.0.200.202406191623/tools/bin/../lib/gcc/arm-none-eabi/12.3.1/../../../../arm-none-eabi/lib/thumb/v7-m/nofp/crt0.o
LOAD ./Core/Src/button.o
LOAD ./Core/Src/gpio.o
LOAD ./Core/Src/main.o
LOAD ./Core/Src/rtc.o
LOAD ./Core/Src/stm32f1xx_hal_msp.o
LOAD ./Core/Src/stm32f1xx_it.o
LOAD ./Core/Src/syscalls.o
LOAD ./Core/Src/sysmem.o
LOAD ./Core/Src/system_stm32f1xx.o
LOAD ./Core/Src/tim.o
LOAD ./Core/Startup/startup_stm32f103c8tx.o
LOAD ./Drivers/STM32F1xx_HAL_Driver/Src/stm32f1xx_hal.o
LOAD ./Drivers/STM32F1xx_HAL_Driver/Src/stm32f1xx_hal_cortex.o
LOAD ./Drivers/STM32F1xx_HAL_Driver/Src/stm32f1xx_hal_dma.o
LOAD ./Drivers/STM32F1xx_HAL_Driver/Src/stm32f1xx_hal_exti.o
LOAD ./Drivers/STM32F1xx_HAL_Driver/Src/stm32f1xx_hal_flash.o
LOAD ./Drivers/STM32F1xx_HAL_Driver/Src/stm32f1xx_hal_flash_ex.o
LOAD ./Drivers/STM32F1xx_HAL_Driver/Src/stm32f1xx_hal_gpio.o
LOAD ./Drivers/STM32F1xx_HAL_Driver/Src/stm32f1xx_hal_gpio_ex.o
LOAD ./Drivers/STM32F1xx_HAL_Driver/Src/stm32f1xx_hal_pwr.o
LOAD ./Drivers/STM32F1xx_HAL_Driver/Src/stm32f1xx_hal_rcc.o
LOAD ./Drivers/STM32F1xx_HAL_Driver/Src/stm32f1xx_hal_rcc_ex.o
LOAD ./Drivers/STM32F1xx_HAL_Driver/Src/stm32f1xx_hal_rtc.o
LOAD ./Drivers/STM32F1xx_HAL_Driver/Src/stm32f1xx_hal_rtc_ex.o
LOAD ./Drivers/STM32F1xx_HAL_Driver/Src/stm32f1xx_hal_tim.o
LOAD ./Drivers/STM32F1xx_HAL_Driver/Src/stm32f1xx_hal_tim_ex.o
START GROUP
LOAD C:/ST/STM32CubeIDE_1.12.1/STM32CubeIDE/plugins/com.st.stm32cube.ide.mcu.externaltools.gnu-tools-for-stm32.12.3.rel1.win32_1.0.200.202406191623/tools/bin/../lib/gcc/arm-none-eabi/12.3.1/../../../../arm-none-eabi/lib/thumb/v7-m/nofp\libc_nano.a
LOAD C:/ST/STM32CubeIDE_1.12.1/STM32CubeIDE/plugins/com.st.stm32cube.ide.mcu.externaltools.gnu-tools-for-stm32.12.3.rel1.win32_1.0.200.202406191623/tools/bin/../lib/gcc/arm-none-eabi/12.3.1/../../../../arm-none-eabi/lib/thumb/v7-m/nofp\libm.a
END GROUP
START GROUP
LOAD C:/ST/STM32CubeIDE_1.12.1/STM32CubeIDE/plugins/com.st.stm32cube.ide.mcu.externaltools.gnu-tools-for-stm32.12.3.rel1.win32_1.0.200.202406191623/tools/bin/../lib/gcc/arm-none-eabi/12.3.1/thumb/v7-m/nofp\libgcc.a
LOAD C:/ST/STM32CubeIDE_1.12.1/STM32CubeIDE/plugins/com.st.stm32cube.ide.mcu.externaltools.gnu-tools-for-stm32.12.3.rel1.win32_1.0.200.202406191623/tools/bin/../lib/gcc/arm-none-eabi/12.3.1/../../../../arm-none-eabi/lib/thumb/v7-m/nofp\libc_nano.a
END GROUP
START GROUP
LOAD C:/ST/STM32CubeIDE_1.12.1/STM32CubeIDE/plugins/com.st.stm32cube.ide.mcu.externaltools.gnu-tools-for-stm32.12.3.rel1.win32_1.0.200.202406191623/tools/bin/../lib/gcc/arm-none-eabi/12.3.1/thumb/v7-m/nofp\libgcc.a
LOAD C:/ST/STM32CubeIDE_1.12.1/STM32CubeIDE/plugins/com.st.stm32cube.ide.mcu.externaltools.gnu-tools-for-stm32.12.3.rel1.win32_1.0.200.202406191623/tools/bin/../lib/gcc/arm-none-eabi/12.3.1/../../../../arm-none-eabi/lib/thumb/v7-m/nofp\libc_nano.a
LOAD C:/ST/STM32CubeIDE_1.12.1/STM32CubeIDE/plugins/com.st.stm32cube.ide.mcu.externaltools.gnu-tools-for-stm32.12.3.rel1.win32_1.0.200.202406191623/tools/bin/../lib/gcc/arm-none-eabi/12.3.1/../../../../arm-none-eabi/lib/thumb/v7-m/nofp\libnosys.a
END GROUP
START GROUP
LOAD C:/ST/STM32CubeIDE_1.12.1/STM32CubeIDE/plugins/com.st.stm32cube.ide.mcu.externaltools.gnu-tools-for-stm32.12.3.rel1.win32_1.0.200.202406191623/tools/bin/../lib/gcc/arm-none-eabi/12.3.1/thumb/v7-m/nofp\libgcc.a
LOAD C:/ST/STM32CubeIDE_1.12.1/STM32CubeIDE/plugins/com.st.stm32cube.ide.mcu.externaltools.gnu-tools-for-stm32.12.3.rel1.win32_1.0.200.202406191623/tools/bin/../lib/gcc/arm-none-eabi/12.3.1/../../../../arm-none-eabi/lib/thumb/v7-m/nofp\libc_nano.a
LOAD C:/ST/STM32CubeIDE_1.12.1/STM32CubeIDE/plugins/com.st.stm32cube.ide.mcu.externaltools.gnu-tools-for-stm32.12.3.rel1.win32_1.0.200.202406191623/tools/bin/../lib/gcc/arm-none-eabi/12.3.1/../../../../arm-none-eabi/lib/thumb/v7-m/nofp\libnosys.a
END GROUP
LOAD C:/ST/STM32CubeIDE_1.12.1/STM32CubeIDE/plugins/com.st.stm32cube.ide.mcu.externaltools.gnu-tools-for-stm32.12.3.rel1.win32_1.0.200.202406191623/tools/bin/../lib/gcc/arm-none-eabi/12.3.1/thumb/v7-m/nofp/crtend.o
LOAD C:/ST/STM32CubeIDE_1.12.1/STM32CubeIDE/plugins/com.st.stm32cube.ide.mcu.externaltools.gnu-tools-for-stm32.12.3.rel1.win32_1.0.200.202406191623/tools/bin/../lib/gcc/arm-none-eabi/12.3.1/thumb/v7-m/nofp/crtn.o
                0x20005000                        _estack = (ORIGIN (RAM) + LENGTH (RAM))
                0x00000700                        _Min_Heap_Size = 0x700
                0x00000200                        _Min_Stack_Size = 0x200

.isr_vector     0x08000000      0x10c
                0x08000000                        . = ALIGN (0x4)
 *(.isr_vector)
 .isr_vector    0x08000000      0x10c ./Core/Startup/startup_stm32f103c8tx.o
                0x08000000                g_pfnVectors
                0x0800010c                        . = ALIGN (0x4)

.text           0x0800010c     0x4b30
                0x0800010c                        . = ALIGN (0x4)
 *(.text)
 .text          0x0800010c       0x40 C:/ST/STM32CubeIDE_1.12.1/STM32CubeIDE/plugins/com.st.stm32cube.ide.mcu.externaltools.gnu-tools-for-stm32.12.3.rel1.win32_1.0.200.202406191623/tools/bin/../lib/gcc/arm-none-eabi/12.3.1/thumb/v7-m/nofp/crtbegin.o
 *(.text*)
 .text.BUTTON_LowLevelManager
                0x0800014c      0x118 ./Core/Src/button.o
                0x0800014c                BUTTON_LowLevelManager
 .text.BUTTON_HighLevelManager
                0x08000264       0xb4 ./Core/Src/button.o
                0x08000264                BUTTON_HighLevelManager
 .text.BUTTON_Process
                0x08000318       0x10 ./Core/Src/button.o
                0x08000318                BUTTON_Process
 .text.BUTTON_TimerProcess
                0x08000328       0x78 ./Core/Src/button.o
                0x08000328                BUTTON_TimerProcess
 .text.BUTTON_GetAction
                0x080003a0       0x20 ./Core/Src/button.o
                0x080003a0                BUTTON_GetAction
 .text.BUTTON_ResetActions
                0x080003c0       0x30 ./Core/Src/button.o
                0x080003c0                BUTTON_ResetActions
 .text.MX_GPIO_Init
                0x080003f0      0x158 ./Core/Src/gpio.o
                0x080003f0                MX_GPIO_Init
 .text.clockStart
                0x08000548       0x6c ./Core/Src/main.o
                0x08000548                clockStart
 .text.clockControl
                0x080005b4      0x390 ./Core/Src/main.o
                0x080005b4                clockControl
 .text.dateChoose
                0x08000944      0x100 ./Core/Src/main.o
                0x08000944                dateChoose
 .text.timeChoose
                0x08000a44      0x100 ./Core/Src/main.o
                0x08000a44                timeChoose
 .text.resetTube
                0x08000b44       0x50 ./Core/Src/main.o
                0x08000b44                resetTube
 .text.dataSend
                0x08000b94      0x150 ./Core/Src/main.o
                0x08000b94                dataSend
 .text.screenChange
                0x08000ce4       0x5c ./Core/Src/main.o
                0x08000ce4                screenChange
 .text.settings
                0x08000d40      0x358 ./Core/Src/main.o
                0x08000d40                settings
 .text.main     0x08001098      0x22c ./Core/Src/main.o
                0x08001098                main
 .text.SystemClock_Config
                0x080012c4       0xba ./Core/Src/main.o
                0x080012c4                SystemClock_Config
 *fill*         0x0800137e        0x2 
 .text.HAL_TIM_PeriodElapsedCallback
                0x08001380       0x30 ./Core/Src/main.o
                0x08001380                HAL_TIM_PeriodElapsedCallback
 .text.Error_Handler
                0x080013b0        0xc ./Core/Src/main.o
                0x080013b0                Error_Handler
 .text.assert_failed
                0x080013bc       0x14 ./Core/Src/main.o
                0x080013bc                assert_failed
 .text.MX_RTC_Init
                0x080013d0       0x68 ./Core/Src/rtc.o
                0x080013d0                MX_RTC_Init
 .text.HAL_RTC_MspInit
                0x08001438       0x48 ./Core/Src/rtc.o
                0x08001438                HAL_RTC_MspInit
 .text.HAL_MspInit
                0x08001480       0x64 ./Core/Src/stm32f1xx_hal_msp.o
                0x08001480                HAL_MspInit
 .text.NMI_Handler
                0x080014e4        0x8 ./Core/Src/stm32f1xx_it.o
                0x080014e4                NMI_Handler
 .text.HardFault_Handler
                0x080014ec        0x8 ./Core/Src/stm32f1xx_it.o
                0x080014ec                HardFault_Handler
 .text.MemManage_Handler
                0x080014f4        0x8 ./Core/Src/stm32f1xx_it.o
                0x080014f4                MemManage_Handler
 .text.BusFault_Handler
                0x080014fc        0x8 ./Core/Src/stm32f1xx_it.o
                0x080014fc                BusFault_Handler
 .text.UsageFault_Handler
                0x08001504        0x8 ./Core/Src/stm32f1xx_it.o
                0x08001504                UsageFault_Handler
 .text.SVC_Handler
                0x0800150c        0xc ./Core/Src/stm32f1xx_it.o
                0x0800150c                SVC_Handler
 .text.DebugMon_Handler
                0x08001518        0xc ./Core/Src/stm32f1xx_it.o
                0x08001518                DebugMon_Handler
 .text.PendSV_Handler
                0x08001524        0xc ./Core/Src/stm32f1xx_it.o
                0x08001524                PendSV_Handler
 .text.SysTick_Handler
                0x08001530        0xc ./Core/Src/stm32f1xx_it.o
                0x08001530                SysTick_Handler
 .text.TIM2_IRQHandler
                0x0800153c       0x14 ./Core/Src/stm32f1xx_it.o
                0x0800153c                TIM2_IRQHandler
 .text.TIM4_IRQHandler
                0x08001550       0x14 ./Core/Src/stm32f1xx_it.o
                0x08001550                TIM4_IRQHandler
 .text.SystemInit
                0x08001564        0xc ./Core/Src/system_stm32f1xx.o
                0x08001564                SystemInit
 .text.MX_TIM2_Init
                0x08001570       0x98 ./Core/Src/tim.o
                0x08001570                MX_TIM2_Init
 .text.MX_TIM4_Init
                0x08001608       0x9c ./Core/Src/tim.o
                0x08001608                MX_TIM4_Init
 .text.HAL_TIM_Base_MspInit
                0x080016a4       0x80 ./Core/Src/tim.o
                0x080016a4                HAL_TIM_Base_MspInit
 .text.Reset_Handler
                0x08001724       0x48 ./Core/Startup/startup_stm32f103c8tx.o
                0x08001724                Reset_Handler
 .text.Default_Handler
                0x0800176c        0x2 ./Core/Startup/startup_stm32f103c8tx.o
                0x0800176c                RTC_Alarm_IRQHandler
                0x0800176c                EXTI2_IRQHandler
                0x0800176c                TIM1_CC_IRQHandler
                0x0800176c                PVD_IRQHandler
                0x0800176c                EXTI3_IRQHandler
                0x0800176c                EXTI0_IRQHandler
                0x0800176c                I2C2_EV_IRQHandler
                0x0800176c                ADC1_2_IRQHandler
                0x0800176c                SPI1_IRQHandler
                0x0800176c                TAMPER_IRQHandler
                0x0800176c                DMA1_Channel4_IRQHandler
                0x0800176c                USART3_IRQHandler
                0x0800176c                RTC_IRQHandler
                0x0800176c                DMA1_Channel7_IRQHandler
                0x0800176c                CAN1_RX1_IRQHandler
                0x0800176c                I2C1_EV_IRQHandler
                0x0800176c                DMA1_Channel6_IRQHandler
                0x0800176c                TIM3_IRQHandler
                0x0800176c                RCC_IRQHandler
                0x0800176c                TIM1_TRG_COM_IRQHandler
                0x0800176c                DMA1_Channel1_IRQHandler
                0x0800176c                Default_Handler
                0x0800176c                EXTI15_10_IRQHandler
                0x0800176c                EXTI9_5_IRQHandler
                0x0800176c                SPI2_IRQHandler
                0x0800176c                DMA1_Channel5_IRQHandler
                0x0800176c                EXTI4_IRQHandler
                0x0800176c                USB_LP_CAN1_RX0_IRQHandler
                0x0800176c                USB_HP_CAN1_TX_IRQHandler
                0x0800176c                DMA1_Channel3_IRQHandler
                0x0800176c                TIM1_UP_IRQHandler
                0x0800176c                WWDG_IRQHandler
                0x0800176c                TIM1_BRK_IRQHandler
                0x0800176c                EXTI1_IRQHandler
                0x0800176c                USART2_IRQHandler
                0x0800176c                I2C2_ER_IRQHandler
                0x0800176c                DMA1_Channel2_IRQHandler
                0x0800176c                CAN1_SCE_IRQHandler
                0x0800176c                FLASH_IRQHandler
                0x0800176c                USART1_IRQHandler
                0x0800176c                I2C1_ER_IRQHandler
                0x0800176c                USBWakeUp_IRQHandler
 *fill*         0x0800176e        0x2 
 .text.HAL_Init
                0x08001770       0x2c ./Drivers/STM32F1xx_HAL_Driver/Src/stm32f1xx_hal.o
                0x08001770                HAL_Init
 .text.HAL_InitTick
                0x0800179c       0x60 ./Drivers/STM32F1xx_HAL_Driver/Src/stm32f1xx_hal.o
                0x0800179c                HAL_InitTick
 .text.HAL_IncTick
                0x080017fc       0x24 ./Drivers/STM32F1xx_HAL_Driver/Src/stm32f1xx_hal.o
                0x080017fc                HAL_IncTick
 .text.HAL_GetTick
                0x08001820       0x14 ./Drivers/STM32F1xx_HAL_Driver/Src/stm32f1xx_hal.o
                0x08001820                HAL_GetTick
 .text.HAL_Delay
                0x08001834       0x48 ./Drivers/STM32F1xx_HAL_Driver/Src/stm32f1xx_hal.o
                0x08001834                HAL_Delay
 .text.__NVIC_SetPriorityGrouping
                0x0800187c       0x48 ./Drivers/STM32F1xx_HAL_Driver/Src/stm32f1xx_hal_cortex.o
 .text.__NVIC_GetPriorityGrouping
                0x080018c4       0x1c ./Drivers/STM32F1xx_HAL_Driver/Src/stm32f1xx_hal_cortex.o
 .text.__NVIC_EnableIRQ
                0x080018e0       0x38 ./Drivers/STM32F1xx_HAL_Driver/Src/stm32f1xx_hal_cortex.o
 .text.__NVIC_SetPriority
                0x08001918       0x54 ./Drivers/STM32F1xx_HAL_Driver/Src/stm32f1xx_hal_cortex.o
 .text.NVIC_EncodePriority
                0x0800196c       0x64 ./Drivers/STM32F1xx_HAL_Driver/Src/stm32f1xx_hal_cortex.o
 .text.SysTick_Config
                0x080019d0       0x44 ./Drivers/STM32F1xx_HAL_Driver/Src/stm32f1xx_hal_cortex.o
 .text.HAL_NVIC_SetPriorityGrouping
                0x08001a14       0x40 ./Drivers/STM32F1xx_HAL_Driver/Src/stm32f1xx_hal_cortex.o
                0x08001a14                HAL_NVIC_SetPriorityGrouping
 .text.HAL_NVIC_SetPriority
                0x08001a54       0x58 ./Drivers/STM32F1xx_HAL_Driver/Src/stm32f1xx_hal_cortex.o
                0x08001a54                HAL_NVIC_SetPriority
 .text.HAL_NVIC_EnableIRQ
                0x08001aac       0x30 ./Drivers/STM32F1xx_HAL_Driver/Src/stm32f1xx_hal_cortex.o
                0x08001aac                HAL_NVIC_EnableIRQ
 .text.HAL_SYSTICK_Config
                0x08001adc       0x18 ./Drivers/STM32F1xx_HAL_Driver/Src/stm32f1xx_hal_cortex.o
                0x08001adc                HAL_SYSTICK_Config
 .text.HAL_GPIO_Init
                0x08001af4      0x4dc ./Drivers/STM32F1xx_HAL_Driver/Src/stm32f1xx_hal_gpio.o
                0x08001af4                HAL_GPIO_Init
 .text.HAL_GPIO_ReadPin
                0x08001fd0       0x40 ./Drivers/STM32F1xx_HAL_Driver/Src/stm32f1xx_hal_gpio.o
                0x08001fd0                HAL_GPIO_ReadPin
 .text.HAL_GPIO_WritePin
                0x08002010       0x58 ./Drivers/STM32F1xx_HAL_Driver/Src/stm32f1xx_hal_gpio.o
                0x08002010                HAL_GPIO_WritePin
 .text.HAL_GPIO_TogglePin
                0x08002068       0x44 ./Drivers/STM32F1xx_HAL_Driver/Src/stm32f1xx_hal_gpio.o
                0x08002068                HAL_GPIO_TogglePin
 .text.HAL_PWR_EnableBkUpAccess
                0x080020ac       0x18 ./Drivers/STM32F1xx_HAL_Driver/Src/stm32f1xx_hal_pwr.o
                0x080020ac                HAL_PWR_EnableBkUpAccess
 .text.HAL_RCC_OscConfig
                0x080020c4      0x6dc ./Drivers/STM32F1xx_HAL_Driver/Src/stm32f1xx_hal_rcc.o
                0x080020c4                HAL_RCC_OscConfig
 .text.HAL_RCC_ClockConfig
                0x080027a0      0x320 ./Drivers/STM32F1xx_HAL_Driver/Src/stm32f1xx_hal_rcc.o
                0x080027a0                HAL_RCC_ClockConfig
 .text.HAL_RCC_GetSysClockFreq
                0x08002ac0       0xa8 ./Drivers/STM32F1xx_HAL_Driver/Src/stm32f1xx_hal_rcc.o
                0x08002ac0                HAL_RCC_GetSysClockFreq
 .text.HAL_RCC_GetHCLKFreq
                0x08002b68       0x14 ./Drivers/STM32F1xx_HAL_Driver/Src/stm32f1xx_hal_rcc.o
                0x08002b68                HAL_RCC_GetHCLKFreq
 .text.HAL_RCC_GetPCLK2Freq
                0x08002b7c       0x28 ./Drivers/STM32F1xx_HAL_Driver/Src/stm32f1xx_hal_rcc.o
                0x08002b7c                HAL_RCC_GetPCLK2Freq
 .text.RCC_Delay
                0x08002ba4       0x3c ./Drivers/STM32F1xx_HAL_Driver/Src/stm32f1xx_hal_rcc.o
 .text.HAL_RCCEx_PeriphCLKConfig
                0x08002be0      0x214 ./Drivers/STM32F1xx_HAL_Driver/Src/stm32f1xx_hal_rcc_ex.o
                0x08002be0                HAL_RCCEx_PeriphCLKConfig
 .text.HAL_RCCEx_GetPeriphCLKFreq
                0x08002df4      0x198 ./Drivers/STM32F1xx_HAL_Driver/Src/stm32f1xx_hal_rcc_ex.o
                0x08002df4                HAL_RCCEx_GetPeriphCLKFreq
 .text.HAL_RTC_Init
                0x08002f8c      0x180 ./Drivers/STM32F1xx_HAL_Driver/Src/stm32f1xx_hal_rtc.o
                0x08002f8c                HAL_RTC_Init
 .text.HAL_RTC_SetTime
                0x0800310c      0x1cc ./Drivers/STM32F1xx_HAL_Driver/Src/stm32f1xx_hal_rtc.o
                0x0800310c                HAL_RTC_SetTime
 .text.HAL_RTC_GetTime
                0x080032d8      0x1cc ./Drivers/STM32F1xx_HAL_Driver/Src/stm32f1xx_hal_rtc.o
                0x080032d8                HAL_RTC_GetTime
 .text.HAL_RTC_SetDate
                0x080034a4      0x23c ./Drivers/STM32F1xx_HAL_Driver/Src/stm32f1xx_hal_rtc.o
                0x080034a4                HAL_RTC_SetDate
 .text.HAL_RTC_GetDate
                0x080036e0       0xc4 ./Drivers/STM32F1xx_HAL_Driver/Src/stm32f1xx_hal_rtc.o
                0x080036e0                HAL_RTC_GetDate
 .text.HAL_RTC_WaitForSynchro
                0x080037a4       0x5a ./Drivers/STM32F1xx_HAL_Driver/Src/stm32f1xx_hal_rtc.o
                0x080037a4                HAL_RTC_WaitForSynchro
 .text.RTC_ReadTimeCounter
                0x080037fe       0x60 ./Drivers/STM32F1xx_HAL_Driver/Src/stm32f1xx_hal_rtc.o
 .text.RTC_WriteTimeCounter
                0x0800385e       0x4e ./Drivers/STM32F1xx_HAL_Driver/Src/stm32f1xx_hal_rtc.o
 .text.RTC_ReadAlarmCounter
                0x080038ac       0x32 ./Drivers/STM32F1xx_HAL_Driver/Src/stm32f1xx_hal_rtc.o
 .text.RTC_WriteAlarmCounter
                0x080038de       0x4e ./Drivers/STM32F1xx_HAL_Driver/Src/stm32f1xx_hal_rtc.o
 .text.RTC_EnterInitMode
                0x0800392c       0x50 ./Drivers/STM32F1xx_HAL_Driver/Src/stm32f1xx_hal_rtc.o
 .text.RTC_ExitInitMode
                0x0800397c       0x50 ./Drivers/STM32F1xx_HAL_Driver/Src/stm32f1xx_hal_rtc.o
 .text.RTC_ByteToBcd2
                0x080039cc       0x3a ./Drivers/STM32F1xx_HAL_Driver/Src/stm32f1xx_hal_rtc.o
 .text.RTC_Bcd2ToByte
                0x08003a06       0x3a ./Drivers/STM32F1xx_HAL_Driver/Src/stm32f1xx_hal_rtc.o
 .text.RTC_DateUpdate
                0x08003a40      0x152 ./Drivers/STM32F1xx_HAL_Driver/Src/stm32f1xx_hal_rtc.o
 *fill*         0x08003b92        0x2 
 .text.RTC_IsLeapYear
                0x08003b94       0x64 ./Drivers/STM32F1xx_HAL_Driver/Src/stm32f1xx_hal_rtc.o
 .text.RTC_WeekDayNum
                0x08003bf8       0xf0 ./Drivers/STM32F1xx_HAL_Driver/Src/stm32f1xx_hal_rtc.o
 .text.HAL_TIM_Base_Init
                0x08003ce8      0x188 ./Drivers/STM32F1xx_HAL_Driver/Src/stm32f1xx_hal_tim.o
                0x08003ce8                HAL_TIM_Base_Init
 .text.HAL_TIM_Base_Start_IT
                0x08003e70       0xd8 ./Drivers/STM32F1xx_HAL_Driver/Src/stm32f1xx_hal_tim.o
                0x08003e70                HAL_TIM_Base_Start_IT
 .text.HAL_TIM_IRQHandler
                0x08003f48      0x250 ./Drivers/STM32F1xx_HAL_Driver/Src/stm32f1xx_hal_tim.o
                0x08003f48                HAL_TIM_IRQHandler
 .text.HAL_TIM_ConfigClockSource
                0x08004198      0x564 ./Drivers/STM32F1xx_HAL_Driver/Src/stm32f1xx_hal_tim.o
                0x08004198                HAL_TIM_ConfigClockSource
 .text.HAL_TIM_PeriodElapsedHalfCpltCallback
                0x080046fc       0x12 ./Drivers/STM32F1xx_HAL_Driver/Src/stm32f1xx_hal_tim.o
                0x080046fc                HAL_TIM_PeriodElapsedHalfCpltCallback
 .text.HAL_TIM_OC_DelayElapsedCallback
                0x0800470e       0x12 ./Drivers/STM32F1xx_HAL_Driver/Src/stm32f1xx_hal_tim.o
                0x0800470e                HAL_TIM_OC_DelayElapsedCallback
 .text.HAL_TIM_IC_CaptureCallback
                0x08004720       0x12 ./Drivers/STM32F1xx_HAL_Driver/Src/stm32f1xx_hal_tim.o
                0x08004720                HAL_TIM_IC_CaptureCallback
 .text.HAL_TIM_IC_CaptureHalfCpltCallback
                0x08004732       0x12 ./Drivers/STM32F1xx_HAL_Driver/Src/stm32f1xx_hal_tim.o
                0x08004732                HAL_TIM_IC_CaptureHalfCpltCallback
 .text.HAL_TIM_PWM_PulseFinishedCallback
                0x08004744       0x12 ./Drivers/STM32F1xx_HAL_Driver/Src/stm32f1xx_hal_tim.o
                0x08004744                HAL_TIM_PWM_PulseFinishedCallback
 .text.HAL_TIM_PWM_PulseFinishedHalfCpltCallback
                0x08004756       0x12 ./Drivers/STM32F1xx_HAL_Driver/Src/stm32f1xx_hal_tim.o
                0x08004756                HAL_TIM_PWM_PulseFinishedHalfCpltCallback
 .text.HAL_TIM_TriggerCallback
                0x08004768       0x12 ./Drivers/STM32F1xx_HAL_Driver/Src/stm32f1xx_hal_tim.o
                0x08004768                HAL_TIM_TriggerCallback
 .text.HAL_TIM_TriggerHalfCpltCallback
                0x0800477a       0x12 ./Drivers/STM32F1xx_HAL_Driver/Src/stm32f1xx_hal_tim.o
                0x0800477a                HAL_TIM_TriggerHalfCpltCallback
 .text.HAL_TIM_ErrorCallback
                0x0800478c       0x12 ./Drivers/STM32F1xx_HAL_Driver/Src/stm32f1xx_hal_tim.o
                0x0800478c                HAL_TIM_ErrorCallback
 *fill*         0x0800479e        0x2 
 .text.TIM_Base_SetConfig
                0x080047a0       0xc4 ./Drivers/STM32F1xx_HAL_Driver/Src/stm32f1xx_hal_tim.o
                0x080047a0                TIM_Base_SetConfig
 .text.TIM_TI1_ConfigInputStage
                0x08004864       0x5c ./Drivers/STM32F1xx_HAL_Driver/Src/stm32f1xx_hal_tim.o
 .text.TIM_TI2_ConfigInputStage
                0x080048c0       0x5e ./Drivers/STM32F1xx_HAL_Driver/Src/stm32f1xx_hal_tim.o
 .text.TIM_ITRx_SetConfig
                0x0800491e       0x34 ./Drivers/STM32F1xx_HAL_Driver/Src/stm32f1xx_hal_tim.o
 .text.TIM_ETR_SetConfig
                0x08004952       0x3e ./Drivers/STM32F1xx_HAL_Driver/Src/stm32f1xx_hal_tim.o
                0x08004952                TIM_ETR_SetConfig
 .text.TIM_ResetCallback
                0x08004990       0xb0 ./Drivers/STM32F1xx_HAL_Driver/Src/stm32f1xx_hal_tim.o
                0x08004990                TIM_ResetCallback
 .text.HAL_TIMEx_MasterConfigSynchronization
                0x08004a40      0x154 ./Drivers/STM32F1xx_HAL_Driver/Src/stm32f1xx_hal_tim_ex.o
                0x08004a40                HAL_TIMEx_MasterConfigSynchronization
 .text.HAL_TIMEx_CommutCallback
                0x08004b94       0x12 ./Drivers/STM32F1xx_HAL_Driver/Src/stm32f1xx_hal_tim_ex.o
                0x08004b94                HAL_TIMEx_CommutCallback
 .text.HAL_TIMEx_CommutHalfCpltCallback
                0x08004ba6       0x12 ./Drivers/STM32F1xx_HAL_Driver/Src/stm32f1xx_hal_tim_ex.o
                0x08004ba6                HAL_TIMEx_CommutHalfCpltCallback
 .text.HAL_TIMEx_BreakCallback
                0x08004bb8       0x12 ./Drivers/STM32F1xx_HAL_Driver/Src/stm32f1xx_hal_tim_ex.o
                0x08004bb8                HAL_TIMEx_BreakCallback
 .text.memset   0x08004bca       0x10 C:/ST/STM32CubeIDE_1.12.1/STM32CubeIDE/plugins/com.st.stm32cube.ide.mcu.externaltools.gnu-tools-for-stm32.12.3.rel1.win32_1.0.200.202406191623/tools/bin/../lib/gcc/arm-none-eabi/12.3.1/../../../../arm-none-eabi/lib/thumb/v7-m/nofp\libc_nano.a(libc_a-memset.o)
                0x08004bca                memset
 *fill*         0x08004bda        0x2 
 .text.__libc_init_array
                0x08004bdc       0x48 C:/ST/STM32CubeIDE_1.12.1/STM32CubeIDE/plugins/com.st.stm32cube.ide.mcu.externaltools.gnu-tools-for-stm32.12.3.rel1.win32_1.0.200.202406191623/tools/bin/../lib/gcc/arm-none-eabi/12.3.1/../../../../arm-none-eabi/lib/thumb/v7-m/nofp\libc_nano.a(libc_a-init.o)
                0x08004bdc                __libc_init_array
 *(.glue_7)
 .glue_7        0x08004c24        0x0 linker stubs
 *(.glue_7t)
 .glue_7t       0x08004c24        0x0 linker stubs
 *(.eh_frame)
 .eh_frame      0x08004c24        0x0 C:/ST/STM32CubeIDE_1.12.1/STM32CubeIDE/plugins/com.st.stm32cube.ide.mcu.externaltools.gnu-tools-for-stm32.12.3.rel1.win32_1.0.200.202406191623/tools/bin/../lib/gcc/arm-none-eabi/12.3.1/thumb/v7-m/nofp/crtbegin.o
 *(.init)
 .init          0x08004c24        0x4 C:/ST/STM32CubeIDE_1.12.1/STM32CubeIDE/plugins/com.st.stm32cube.ide.mcu.externaltools.gnu-tools-for-stm32.12.3.rel1.win32_1.0.200.202406191623/tools/bin/../lib/gcc/arm-none-eabi/12.3.1/thumb/v7-m/nofp/crti.o
                0x08004c24                _init
 .init          0x08004c28        0x8 C:/ST/STM32CubeIDE_1.12.1/STM32CubeIDE/plugins/com.st.stm32cube.ide.mcu.externaltools.gnu-tools-for-stm32.12.3.rel1.win32_1.0.200.202406191623/tools/bin/../lib/gcc/arm-none-eabi/12.3.1/thumb/v7-m/nofp/crtn.o
 *(.fini)
 .fini          0x08004c30        0x4 C:/ST/STM32CubeIDE_1.12.1/STM32CubeIDE/plugins/com.st.stm32cube.ide.mcu.externaltools.gnu-tools-for-stm32.12.3.rel1.win32_1.0.200.202406191623/tools/bin/../lib/gcc/arm-none-eabi/12.3.1/thumb/v7-m/nofp/crti.o
                0x08004c30                _fini
 .fini          0x08004c34        0x8 C:/ST/STM32CubeIDE_1.12.1/STM32CubeIDE/plugins/com.st.stm32cube.ide.mcu.externaltools.gnu-tools-for-stm32.12.3.rel1.win32_1.0.200.202406191623/tools/bin/../lib/gcc/arm-none-eabi/12.3.1/thumb/v7-m/nofp/crtn.o
                0x08004c3c                        . = ALIGN (0x4)
                0x08004c3c                        _etext = .

.vfp11_veneer   0x08004c3c        0x0
 .vfp11_veneer  0x08004c3c        0x0 linker stubs

.v4_bx          0x08004c3c        0x0
 .v4_bx         0x08004c3c        0x0 linker stubs

.iplt           0x08004c3c        0x0
 .iplt          0x08004c3c        0x0 C:/ST/STM32CubeIDE_1.12.1/STM32CubeIDE/plugins/com.st.stm32cube.ide.mcu.externaltools.gnu-tools-for-stm32.12.3.rel1.win32_1.0.200.202406191623/tools/bin/../lib/gcc/arm-none-eabi/12.3.1/thumb/v7-m/nofp/crtbegin.o

.rodata         0x08004c3c      0x1d8
                0x08004c3c                        . = ALIGN (0x4)
 *(.rodata)
 .rodata        0x08004c3c       0x3b ./Drivers/STM32F1xx_HAL_Driver/Src/stm32f1xx_hal_cortex.o
 *fill*         0x08004c77        0x1 
 .rodata        0x08004c78       0x39 ./Drivers/STM32F1xx_HAL_Driver/Src/stm32f1xx_hal_gpio.o
 *fill*         0x08004cb1        0x3 
 .rodata        0x08004cb4       0x38 ./Drivers/STM32F1xx_HAL_Driver/Src/stm32f1xx_hal_rcc.o
 .rodata        0x08004cec       0x3b ./Drivers/STM32F1xx_HAL_Driver/Src/stm32f1xx_hal_rcc_ex.o
 *fill*         0x08004d27        0x1 
 .rodata        0x08004d28       0x38 ./Drivers/STM32F1xx_HAL_Driver/Src/stm32f1xx_hal_rtc.o
 .rodata        0x08004d60       0x38 ./Drivers/STM32F1xx_HAL_Driver/Src/stm32f1xx_hal_tim.o
 .rodata        0x08004d98       0x3b ./Drivers/STM32F1xx_HAL_Driver/Src/stm32f1xx_hal_tim_ex.o
 *(.rodata*)
 *fill*         0x08004dd3        0x1 
 .rodata.AHBPrescTable
                0x08004dd4       0x10 ./Core/Src/system_stm32f1xx.o
                0x08004dd4                AHBPrescTable
 .rodata.APBPrescTable
                0x08004de4        0x8 ./Core/Src/system_stm32f1xx.o
                0x08004de4                APBPrescTable
 .rodata.aPLLMULFactorTable.1
                0x08004dec       0x10 ./Drivers/STM32F1xx_HAL_Driver/Src/stm32f1xx_hal_rcc.o
 .rodata.aPredivFactorTable.0
                0x08004dfc        0x2 ./Drivers/STM32F1xx_HAL_Driver/Src/stm32f1xx_hal_rcc.o
 *fill*         0x08004dfe        0x2 
 .rodata.aPLLMULFactorTable.1
                0x08004e00       0x10 ./Drivers/STM32F1xx_HAL_Driver/Src/stm32f1xx_hal_rcc_ex.o
 .rodata.aPredivFactorTable.0
                0x08004e10        0x2 ./Drivers/STM32F1xx_HAL_Driver/Src/stm32f1xx_hal_rcc_ex.o
                0x08004e14                        . = ALIGN (0x4)
 *fill*         0x08004e12        0x2 

.ARM.extab      0x08004e14        0x0
                0x08004e14                        . = ALIGN (0x4)
 *(.ARM.extab* .gnu.linkonce.armextab.*)
                0x08004e14                        . = ALIGN (0x4)

.ARM            0x08004e14        0x0
                0x08004e14                        . = ALIGN (0x4)
                0x08004e14                        __exidx_start = .
 *(.ARM.exidx*)
                0x08004e14                        __exidx_end = .
                0x08004e14                        . = ALIGN (0x4)

.preinit_array  0x08004e14        0x0
                0x08004e14                        . = ALIGN (0x4)
                0x08004e14                        PROVIDE (__preinit_array_start = .)
 *(.preinit_array*)
                0x08004e14                        PROVIDE (__preinit_array_end = .)
                0x08004e14                        . = ALIGN (0x4)

.init_array     0x08004e14        0x4
                0x08004e14                        . = ALIGN (0x4)
                0x08004e14                        PROVIDE (__init_array_start = .)
 *(SORT_BY_NAME(.init_array.*))
 *(.init_array*)
 .init_array    0x08004e14        0x4 C:/ST/STM32CubeIDE_1.12.1/STM32CubeIDE/plugins/com.st.stm32cube.ide.mcu.externaltools.gnu-tools-for-stm32.12.3.rel1.win32_1.0.200.202406191623/tools/bin/../lib/gcc/arm-none-eabi/12.3.1/thumb/v7-m/nofp/crtbegin.o
                0x08004e18                        PROVIDE (__init_array_end = .)
                0x08004e18                        . = ALIGN (0x4)

.fini_array     0x08004e18        0x4
                0x08004e18                        . = ALIGN (0x4)
                [!provide]                        PROVIDE (__fini_array_start = .)
 *(SORT_BY_NAME(.fini_array.*))
 *(.fini_array*)
 .fini_array    0x08004e18        0x4 C:/ST/STM32CubeIDE_1.12.1/STM32CubeIDE/plugins/com.st.stm32cube.ide.mcu.externaltools.gnu-tools-for-stm32.12.3.rel1.win32_1.0.200.202406191623/tools/bin/../lib/gcc/arm-none-eabi/12.3.1/thumb/v7-m/nofp/crtbegin.o
                [!provide]                        PROVIDE (__fini_array_end = .)
                0x08004e1c                        . = ALIGN (0x4)
                0x08004e1c                        _sidata = LOADADDR (.data)

.rel.dyn        0x08004e1c        0x0
 .rel.iplt      0x08004e1c        0x0 C:/ST/STM32CubeIDE_1.12.1/STM32CubeIDE/plugins/com.st.stm32cube.ide.mcu.externaltools.gnu-tools-for-stm32.12.3.rel1.win32_1.0.200.202406191623/tools/bin/../lib/gcc/arm-none-eabi/12.3.1/thumb/v7-m/nofp/crtbegin.o

.data           0x20000000       0x2c load address 0x08004e1c
                0x20000000                        . = ALIGN (0x4)
                0x20000000                        _sdata = .
 *(.data)
 *(.data*)
 .data.buttons  0x20000000       0x18 ./Core/Src/button.o
 .data.delay    0x20000018        0x4 ./Core/Src/main.o
                0x20000018                delay
 .data.isPowerOn
                0x2000001c        0x1 ./Core/Src/main.o
                0x2000001c                isPowerOn
 *fill*         0x2000001d        0x3 
 .data.SystemCoreClock
                0x20000020        0x4 ./Core/Src/system_stm32f1xx.o
                0x20000020                SystemCoreClock
 .data.uwTickPrio
                0x20000024        0x4 ./Drivers/STM32F1xx_HAL_Driver/Src/stm32f1xx_hal.o
                0x20000024                uwTickPrio
 .data.uwTickFreq
                0x20000028        0x1 ./Drivers/STM32F1xx_HAL_Driver/Src/stm32f1xx_hal.o
                0x20000028                uwTickFreq
 *(.RamFunc)
 *(.RamFunc*)
                0x2000002c                        . = ALIGN (0x4)
 *fill*         0x20000029        0x3 
                0x2000002c                        _edata = .

.igot.plt       0x2000002c        0x0 load address 0x08004e48
 .igot.plt      0x2000002c        0x0 C:/ST/STM32CubeIDE_1.12.1/STM32CubeIDE/plugins/com.st.stm32cube.ide.mcu.externaltools.gnu-tools-for-stm32.12.3.rel1.win32_1.0.200.202406191623/tools/bin/../lib/gcc/arm-none-eabi/12.3.1/thumb/v7-m/nofp/crtbegin.o
                0x2000002c                        . = ALIGN (0x4)

.bss            0x2000002c      0x414 load address 0x08004e48
                0x2000002c                        _sbss = .
                0x2000002c                        __bss_start__ = _sbss
 *(.bss)
 .bss           0x2000002c       0x1c C:/ST/STM32CubeIDE_1.12.1/STM32CubeIDE/plugins/com.st.stm32cube.ide.mcu.externaltools.gnu-tools-for-stm32.12.3.rel1.win32_1.0.200.202406191623/tools/bin/../lib/gcc/arm-none-eabi/12.3.1/thumb/v7-m/nofp/crtbegin.o
 *(.bss*)
 .bss.debounceCounter
                0x20000048        0x6 ./Core/Src/button.o
 *fill*         0x2000004e        0x2 
 .bss.waitButtonRelease
                0x20000050        0x3 ./Core/Src/button.o
 *fill*         0x20000053        0x1 
 .bss.buttonPressCounter
                0x20000054        0x6 ./Core/Src/button.o
 *fill*         0x2000005a        0x2 
 .bss.buttonActions
                0x2000005c        0x3 ./Core/Src/button.o
 *fill*         0x2000005f        0x1 
 .bss.buttonState
                0x20000060        0x3 ./Core/Src/button.o
 *fill*         0x20000063        0x1 
 .bss.currentUnit
                0x20000064        0x4 ./Core/Src/main.o
                0x20000064                currentUnit
 .bss.period    0x20000068        0x4 ./Core/Src/main.o
                0x20000068                period
 .bss.tenHour   0x2000006c       0x30 ./Core/Src/main.o
                0x2000006c                tenHour
 .bss.oneHour   0x2000009c       0x30 ./Core/Src/main.o
                0x2000009c                oneHour
 .bss.tenMin    0x200000cc       0x30 ./Core/Src/main.o
                0x200000cc                tenMin
 .bss.oneMin    0x200000fc       0x30 ./Core/Src/main.o
                0x200000fc                oneMin
 .bss.tenSec    0x2000012c       0x30 ./Core/Src/main.o
                0x2000012c                tenSec
 .bss.oneSec    0x2000015c       0x30 ./Core/Src/main.o
                0x2000015c                oneSec
 .bss.tenDay    0x2000018c       0x30 ./Core/Src/main.o
                0x2000018c                tenDay
 .bss.oneDay    0x200001bc       0x30 ./Core/Src/main.o
                0x200001bc                oneDay
 .bss.tenMonth  0x200001ec       0x30 ./Core/Src/main.o
                0x200001ec                tenMonth
 .bss.oneMonth  0x2000021c       0x30 ./Core/Src/main.o
                0x2000021c                oneMonth
 .bss.tenYear   0x2000024c       0x30 ./Core/Src/main.o
                0x2000024c                tenYear
 .bss.oneYear   0x2000027c       0x30 ./Core/Src/main.o
                0x2000027c                oneYear
 .bss.screenChoose
                0x200002ac        0x4 ./Core/Src/main.o
                0x200002ac                screenChoose
 .bss.unitChoose
                0x200002b0        0x4 ./Core/Src/main.o
                0x200002b0                unitChoose
 .bss.isSettingsOn
                0x200002b4        0x1 ./Core/Src/main.o
                0x200002b4                isSettingsOn
 .bss.veryLongPressFlag
                0x200002b5        0x1 ./Core/Src/main.o
                0x200002b5                veryLongPressFlag
 *fill*         0x200002b6        0x2 
 .bss.settingsFlag
                0x200002b8        0x4 ./Core/Src/main.o
                0x200002b8                settingsFlag
 .bss.interruptSource
                0x200002bc        0x4 ./Core/Src/main.o
                0x200002bc                interruptSource
 .bss.hrtc      0x200002c0       0x14 ./Core/Src/rtc.o
                0x200002c0                hrtc
 .bss.htim2     0x200002d4       0xb4 ./Core/Src/tim.o
                0x200002d4                htim2
 .bss.htim4     0x20000388       0xb4 ./Core/Src/tim.o
                0x20000388                htim4
 .bss.uwTick    0x2000043c        0x4 ./Drivers/STM32F1xx_HAL_Driver/Src/stm32f1xx_hal.o
                0x2000043c                uwTick
 *(COMMON)
                0x20000440                        . = ALIGN (0x4)
                0x20000440                        _ebss = .
                0x20000440                        __bss_end__ = _ebss

._user_heap_stack
                0x20000440      0x900 load address 0x08004e48
                0x20000440                        . = ALIGN (0x8)
                [!provide]                        PROVIDE (end = .)
                0x20000440                        PROVIDE (_end = .)
                0x20000b40                        . = (. + _Min_Heap_Size)
 *fill*         0x20000440      0x700 
                0x20000d40                        . = (. + _Min_Stack_Size)
 *fill*         0x20000b40      0x200 
                0x20000d40                        . = ALIGN (0x8)

/DISCARD/
 libc.a(*)
 libm.a(*)
 libgcc.a(*)

.ARM.attributes
                0x00000000       0x29
 *(.ARM.attributes)
 .ARM.attributes
                0x00000000       0x1d C:/ST/STM32CubeIDE_1.12.1/STM32CubeIDE/plugins/com.st.stm32cube.ide.mcu.externaltools.gnu-tools-for-stm32.12.3.rel1.win32_1.0.200.202406191623/tools/bin/../lib/gcc/arm-none-eabi/12.3.1/thumb/v7-m/nofp/crti.o
 .ARM.attributes
                0x0000001d       0x2d C:/ST/STM32CubeIDE_1.12.1/STM32CubeIDE/plugins/com.st.stm32cube.ide.mcu.externaltools.gnu-tools-for-stm32.12.3.rel1.win32_1.0.200.202406191623/tools/bin/../lib/gcc/arm-none-eabi/12.3.1/thumb/v7-m/nofp/crtbegin.o
 .ARM.attributes
                0x0000004a       0x2d ./Core/Src/button.o
 .ARM.attributes
                0x00000077       0x2d ./Core/Src/gpio.o
 .ARM.attributes
                0x000000a4       0x2d ./Core/Src/main.o
 .ARM.attributes
                0x000000d1       0x2d ./Core/Src/rtc.o
 .ARM.attributes
                0x000000fe       0x2d ./Core/Src/stm32f1xx_hal_msp.o
 .ARM.attributes
                0x0000012b       0x2d ./Core/Src/stm32f1xx_it.o
 .ARM.attributes
                0x00000158       0x2d ./Core/Src/system_stm32f1xx.o
 .ARM.attributes
                0x00000185       0x2d ./Core/Src/tim.o
 .ARM.attributes
                0x000001b2       0x21 ./Core/Startup/startup_stm32f103c8tx.o
 .ARM.attributes
                0x000001d3       0x2d ./Drivers/STM32F1xx_HAL_Driver/Src/stm32f1xx_hal.o
 .ARM.attributes
                0x00000200       0x2d ./Drivers/STM32F1xx_HAL_Driver/Src/stm32f1xx_hal_cortex.o
 .ARM.attributes
                0x0000022d       0x2d ./Drivers/STM32F1xx_HAL_Driver/Src/stm32f1xx_hal_gpio.o
 .ARM.attributes
                0x0000025a       0x2d ./Drivers/STM32F1xx_HAL_Driver/Src/stm32f1xx_hal_pwr.o
 .ARM.attributes
                0x00000287       0x2d ./Drivers/STM32F1xx_HAL_Driver/Src/stm32f1xx_hal_rcc.o
 .ARM.attributes
                0x000002b4       0x2d ./Drivers/STM32F1xx_HAL_Driver/Src/stm32f1xx_hal_rcc_ex.o
 .ARM.attributes
                0x000002e1       0x2d ./Drivers/STM32F1xx_HAL_Driver/Src/stm32f1xx_hal_rtc.o
 .ARM.attributes
                0x0000030e       0x2d ./Drivers/STM32F1xx_HAL_Driver/Src/stm32f1xx_hal_tim.o
 .ARM.attributes
                0x0000033b       0x2d ./Drivers/STM32F1xx_HAL_Driver/Src/stm32f1xx_hal_tim_ex.o
 .ARM.attributes
                0x00000368       0x2d C:/ST/STM32CubeIDE_1.12.1/STM32CubeIDE/plugins/com.st.stm32cube.ide.mcu.externaltools.gnu-tools-for-stm32.12.3.rel1.win32_1.0.200.202406191623/tools/bin/../lib/gcc/arm-none-eabi/12.3.1/../../../../arm-none-eabi/lib/thumb/v7-m/nofp\libc_nano.a(libc_a-memset.o)
 .ARM.attributes
                0x00000395       0x2d C:/ST/STM32CubeIDE_1.12.1/STM32CubeIDE/plugins/com.st.stm32cube.ide.mcu.externaltools.gnu-tools-for-stm32.12.3.rel1.win32_1.0.200.202406191623/tools/bin/../lib/gcc/arm-none-eabi/12.3.1/../../../../arm-none-eabi/lib/thumb/v7-m/nofp\libc_nano.a(libc_a-init.o)
 .ARM.attributes
                0x000003c2       0x1d C:/ST/STM32CubeIDE_1.12.1/STM32CubeIDE/plugins/com.st.stm32cube.ide.mcu.externaltools.gnu-tools-for-stm32.12.3.rel1.win32_1.0.200.202406191623/tools/bin/../lib/gcc/arm-none-eabi/12.3.1/thumb/v7-m/nofp/crtn.o
OUTPUT(simple_clock.elf elf32-littlearm)
LOAD linker stubs
LOAD C:/ST/STM32CubeIDE_1.12.1/STM32CubeIDE/plugins/com.st.stm32cube.ide.mcu.externaltools.gnu-tools-for-stm32.12.3.rel1.win32_1.0.200.202406191623/tools/bin/../lib/gcc/arm-none-eabi/12.3.1/../../../../arm-none-eabi/lib/thumb/v7-m/nofp\libc.a
LOAD C:/ST/STM32CubeIDE_1.12.1/STM32CubeIDE/plugins/com.st.stm32cube.ide.mcu.externaltools.gnu-tools-for-stm32.12.3.rel1.win32_1.0.200.202406191623/tools/bin/../lib/gcc/arm-none-eabi/12.3.1/../../../../arm-none-eabi/lib/thumb/v7-m/nofp\libm.a
LOAD C:/ST/STM32CubeIDE_1.12.1/STM32CubeIDE/plugins/com.st.stm32cube.ide.mcu.externaltools.gnu-tools-for-stm32.12.3.rel1.win32_1.0.200.202406191623/tools/bin/../lib/gcc/arm-none-eabi/12.3.1/thumb/v7-m/nofp\libgcc.a

.debug_info     0x00000000     0xafd4
 .debug_info    0x00000000      0x407 ./Core/Src/button.o
 .debug_info    0x00000407      0x2e1 ./Core/Src/gpio.o
 .debug_info    0x000006e8     0x1275 ./Core/Src/main.o
 .debug_info    0x0000195d      0x44c ./Core/Src/rtc.o
 .debug_info    0x00001da9      0x1ff ./Core/Src/stm32f1xx_hal_msp.o
 .debug_info    0x00001fa8      0x858 ./Core/Src/stm32f1xx_it.o
 .debug_info    0x00002800      0x222 ./Core/Src/system_stm32f1xx.o
 .debug_info    0x00002a22      0xbb8 ./Core/Src/tim.o
 .debug_info    0x000035da       0x30 ./Core/Startup/startup_stm32f103c8tx.o
 .debug_info    0x0000360a      0x73b ./Drivers/STM32F1xx_HAL_Driver/Src/stm32f1xx_hal.o
 .debug_info    0x00003d45      0xaa1 ./Drivers/STM32F1xx_HAL_Driver/Src/stm32f1xx_hal_cortex.o
 .debug_info    0x000047e6      0x5dc ./Drivers/STM32F1xx_HAL_Driver/Src/stm32f1xx_hal_gpio.o
 .debug_info    0x00004dc2      0x642 ./Drivers/STM32F1xx_HAL_Driver/Src/stm32f1xx_hal_pwr.o
 .debug_info    0x00005404      0x7f0 ./Drivers/STM32F1xx_HAL_Driver/Src/stm32f1xx_hal_rcc.o
 .debug_info    0x00005bf4      0x3dc ./Drivers/STM32F1xx_HAL_Driver/Src/stm32f1xx_hal_rcc_ex.o
 .debug_info    0x00005fd0      0xc90 ./Drivers/STM32F1xx_HAL_Driver/Src/stm32f1xx_hal_rtc.o
 .debug_info    0x00006c60     0x2d03 ./Drivers/STM32F1xx_HAL_Driver/Src/stm32f1xx_hal_tim.o
 .debug_info    0x00009963     0x1671 ./Drivers/STM32F1xx_HAL_Driver/Src/stm32f1xx_hal_tim_ex.o

.debug_abbrev   0x00000000     0x22bb
 .debug_abbrev  0x00000000      0x1b4 ./Core/Src/button.o
 .debug_abbrev  0x000001b4      0x13f ./Core/Src/gpio.o
 .debug_abbrev  0x000002f3      0x34c ./Core/Src/main.o
 .debug_abbrev  0x0000063f      0x1b9 ./Core/Src/rtc.o
 .debug_abbrev  0x000007f8       0xdb ./Core/Src/stm32f1xx_hal_msp.o
 .debug_abbrev  0x000008d3      0x1a5 ./Core/Src/stm32f1xx_it.o
 .debug_abbrev  0x00000a78      0x13f ./Core/Src/system_stm32f1xx.o
 .debug_abbrev  0x00000bb7      0x22f ./Core/Src/tim.o
 .debug_abbrev  0x00000de6       0x24 ./Core/Startup/startup_stm32f103c8tx.o
 .debug_abbrev  0x00000e0a      0x209 ./Drivers/STM32F1xx_HAL_Driver/Src/stm32f1xx_hal.o
 .debug_abbrev  0x00001013      0x2fa ./Drivers/STM32F1xx_HAL_Driver/Src/stm32f1xx_hal_cortex.o
 .debug_abbrev  0x0000130d      0x1e7 ./Drivers/STM32F1xx_HAL_Driver/Src/stm32f1xx_hal_gpio.o
 .debug_abbrev  0x000014f4      0x1f8 ./Drivers/STM32F1xx_HAL_Driver/Src/stm32f1xx_hal_pwr.o
 .debug_abbrev  0x000016ec      0x2ad ./Drivers/STM32F1xx_HAL_Driver/Src/stm32f1xx_hal_rcc.o
 .debug_abbrev  0x00001999      0x1a5 ./Drivers/STM32F1xx_HAL_Driver/Src/stm32f1xx_hal_rcc_ex.o
 .debug_abbrev  0x00001b3e      0x24f ./Drivers/STM32F1xx_HAL_Driver/Src/stm32f1xx_hal_rtc.o
 .debug_abbrev  0x00001d8d      0x29d ./Drivers/STM32F1xx_HAL_Driver/Src/stm32f1xx_hal_tim.o
 .debug_abbrev  0x0000202a      0x291 ./Drivers/STM32F1xx_HAL_Driver/Src/stm32f1xx_hal_tim_ex.o

.debug_aranges  0x00000000      0xc20
 .debug_aranges
                0x00000000       0x50 ./Core/Src/button.o
 .debug_aranges
                0x00000050       0x20 ./Core/Src/gpio.o
 .debug_aranges
                0x00000070       0x80 ./Core/Src/main.o
 .debug_aranges
                0x000000f0       0x30 ./Core/Src/rtc.o
 .debug_aranges
                0x00000120       0x20 ./Core/Src/stm32f1xx_hal_msp.o
 .debug_aranges
                0x00000140       0x70 ./Core/Src/stm32f1xx_it.o
 .debug_aranges
                0x000001b0       0x28 ./Core/Src/system_stm32f1xx.o
 .debug_aranges
                0x000001d8       0x38 ./Core/Src/tim.o
 .debug_aranges
                0x00000210       0x28 ./Core/Startup/startup_stm32f103c8tx.o
 .debug_aranges
                0x00000238       0xe0 ./Drivers/STM32F1xx_HAL_Driver/Src/stm32f1xx_hal.o
 .debug_aranges
                0x00000318      0x100 ./Drivers/STM32F1xx_HAL_Driver/Src/stm32f1xx_hal_cortex.o
 .debug_aranges
                0x00000418       0x58 ./Drivers/STM32F1xx_HAL_Driver/Src/stm32f1xx_hal_gpio.o
 .debug_aranges
                0x00000470       0xa8 ./Drivers/STM32F1xx_HAL_Driver/Src/stm32f1xx_hal_pwr.o
 .debug_aranges
                0x00000518       0x90 ./Drivers/STM32F1xx_HAL_Driver/Src/stm32f1xx_hal_rcc.o
 .debug_aranges
                0x000005a8       0x30 ./Drivers/STM32F1xx_HAL_Driver/Src/stm32f1xx_hal_rcc_ex.o
 .debug_aranges
                0x000005d8       0xf8 ./Drivers/STM32F1xx_HAL_Driver/Src/stm32f1xx_hal_rtc.o
 .debug_aranges
                0x000006d0      0x3e8 ./Drivers/STM32F1xx_HAL_Driver/Src/stm32f1xx_hal_tim.o
 .debug_aranges
                0x00000ab8      0x168 ./Drivers/STM32F1xx_HAL_Driver/Src/stm32f1xx_hal_tim_ex.o

.debug_rnglists
                0x00000000      0x951
 .debug_rnglists
                0x00000000       0x39 ./Core/Src/button.o
 .debug_rnglists
                0x00000039       0x14 ./Core/Src/gpio.o
 .debug_rnglists
                0x0000004d       0x62 ./Core/Src/main.o
 .debug_rnglists
                0x000000af       0x1f ./Core/Src/rtc.o
 .debug_rnglists
                0x000000ce       0x13 ./Core/Src/stm32f1xx_hal_msp.o
 .debug_rnglists
                0x000000e1       0x4f ./Core/Src/stm32f1xx_it.o
 .debug_rnglists
                0x00000130       0x1a ./Core/Src/system_stm32f1xx.o
 .debug_rnglists
                0x0000014a       0x28 ./Core/Src/tim.o
 .debug_rnglists
                0x00000172       0x19 ./Core/Startup/startup_stm32f103c8tx.o
 .debug_rnglists
                0x0000018b       0xa3 ./Drivers/STM32F1xx_HAL_Driver/Src/stm32f1xx_hal.o
 .debug_rnglists
                0x0000022e       0xbb ./Drivers/STM32F1xx_HAL_Driver/Src/stm32f1xx_hal_cortex.o
 .debug_rnglists
                0x000002e9       0x40 ./Drivers/STM32F1xx_HAL_Driver/Src/stm32f1xx_hal_gpio.o
 .debug_rnglists
                0x00000329       0x7b ./Drivers/STM32F1xx_HAL_Driver/Src/stm32f1xx_hal_pwr.o
 .debug_rnglists
                0x000003a4       0x6e ./Drivers/STM32F1xx_HAL_Driver/Src/stm32f1xx_hal_rcc.o
 .debug_rnglists
                0x00000412       0x21 ./Drivers/STM32F1xx_HAL_Driver/Src/stm32f1xx_hal_rcc_ex.o
 .debug_rnglists
                0x00000433       0xc1 ./Drivers/STM32F1xx_HAL_Driver/Src/stm32f1xx_hal_rtc.o
 .debug_rnglists
                0x000004f4      0x336 ./Drivers/STM32F1xx_HAL_Driver/Src/stm32f1xx_hal_tim.o
 .debug_rnglists
                0x0000082a      0x127 ./Drivers/STM32F1xx_HAL_Driver/Src/stm32f1xx_hal_tim_ex.o

.debug_macro    0x00000000    0x1885e
 .debug_macro   0x00000000      0x2d6 ./Core/Src/button.o
 .debug_macro   0x000002d6      0xaa8 ./Core/Src/button.o
 .debug_macro   0x00000d7e      0x222 ./Core/Src/button.o
 .debug_macro   0x00000fa0       0x2e ./Core/Src/button.o
 .debug_macro   0x00000fce       0x22 ./Core/Src/button.o
 .debug_macro   0x00000ff0       0x22 ./Core/Src/button.o
 .debug_macro   0x00001012       0x8e ./Core/Src/button.o
 .debug_macro   0x000010a0       0x51 ./Core/Src/button.o
 .debug_macro   0x000010f1      0x103 ./Core/Src/button.o
 .debug_macro   0x000011f4       0x6a ./Core/Src/button.o
 .debug_macro   0x0000125e      0x1df ./Core/Src/button.o
 .debug_macro   0x0000143d       0x1c ./Core/Src/button.o
 .debug_macro   0x00001459       0x22 ./Core/Src/button.o
 .debug_macro   0x0000147b       0xbd ./Core/Src/button.o
 .debug_macro   0x00001538      0xd23 ./Core/Src/button.o
 .debug_macro   0x0000225b     0xe09e ./Core/Src/button.o
 .debug_macro   0x000102f9       0x6d ./Core/Src/button.o
 .debug_macro   0x00010366     0x348d ./Core/Src/button.o
 .debug_macro   0x000137f3      0x189 ./Core/Src/button.o
 .debug_macro   0x0001397c       0x5c ./Core/Src/button.o
 .debug_macro   0x000139d8      0x5bc ./Core/Src/button.o
 .debug_macro   0x00013f94      0x289 ./Core/Src/button.o
 .debug_macro   0x0001421d      0x1cb ./Core/Src/button.o
 .debug_macro   0x000143e8      0x114 ./Core/Src/button.o
 .debug_macro   0x000144fc      0x1b2 ./Core/Src/button.o
 .debug_macro   0x000146ae       0x27 ./Core/Src/button.o
 .debug_macro   0x000146d5      0x136 ./Core/Src/button.o
 .debug_macro   0x0001480b      0x1bc ./Core/Src/button.o
 .debug_macro   0x000149c7       0x34 ./Core/Src/button.o
 .debug_macro   0x000149fb       0x3c ./Core/Src/button.o
 .debug_macro   0x00014a37       0x57 ./Core/Src/button.o
 .debug_macro   0x00014a8e       0x87 ./Core/Src/button.o
 .debug_macro   0x00014b15      0x240 ./Core/Src/button.o
 .debug_macro   0x00014d55      0x140 ./Core/Src/button.o
 .debug_macro   0x00014e95      0x1ef ./Core/Src/button.o
 .debug_macro   0x00015084       0xeb ./Core/Src/button.o
 .debug_macro   0x0001516f      0x8ed ./Core/Src/button.o
 .debug_macro   0x00015a5c       0x83 ./Core/Src/button.o
 .debug_macro   0x00015adf       0x22 ./Core/Src/button.o
 .debug_macro   0x00015b01       0x61 ./Core/Src/button.o
 .debug_macro   0x00015b62       0x24 ./Core/Src/button.o
 .debug_macro   0x00015b86       0x43 ./Core/Src/button.o
 .debug_macro   0x00015bc9       0x34 ./Core/Src/button.o
 .debug_macro   0x00015bfd       0x16 ./Core/Src/button.o
 .debug_macro   0x00015c13       0x43 ./Core/Src/button.o
 .debug_macro   0x00015c56       0x34 ./Core/Src/button.o
 .debug_macro   0x00015c8a       0x10 ./Core/Src/button.o
 .debug_macro   0x00015c9a       0x58 ./Core/Src/button.o
 .debug_macro   0x00015cf2       0x8e ./Core/Src/button.o
 .debug_macro   0x00015d80       0x1c ./Core/Src/button.o
 .debug_macro   0x00015d9c      0x177 ./Core/Src/button.o
 .debug_macro   0x00015f13      0x369 ./Core/Src/button.o
 .debug_macro   0x0001627c       0x10 ./Core/Src/button.o
 .debug_macro   0x0001628c       0x35 ./Core/Src/button.o
 .debug_macro   0x000162c1       0x20 ./Core/Src/button.o
 .debug_macro   0x000162e1       0x1c ./Core/Src/button.o
 .debug_macro   0x000162fd       0x10 ./Core/Src/button.o
 .debug_macro   0x0001630d       0x1c ./Core/Src/button.o
 .debug_macro   0x00016329       0x16 ./Core/Src/button.o
 .debug_macro   0x0001633f      0x146 ./Core/Src/button.o
 .debug_macro   0x00016485       0x88 ./Core/Src/button.o
 .debug_macro   0x0001650d       0x28 ./Core/Src/button.o
 .debug_macro   0x00016535      0x2d1 ./Core/Src/gpio.o
 .debug_macro   0x00016806      0x30d ./Core/Src/main.o
 .debug_macro   0x00016b13       0x10 ./Core/Src/main.o
 .debug_macro   0x00016b23       0x2e ./Core/Src/main.o
 .debug_macro   0x00016b51      0x2d1 ./Core/Src/rtc.o
 .debug_macro   0x00016e22      0x2c7 ./Core/Src/stm32f1xx_hal_msp.o
 .debug_macro   0x000170e9      0x2d1 ./Core/Src/stm32f1xx_it.o
 .debug_macro   0x000173ba      0x1ad ./Core/Src/system_stm32f1xx.o
 .debug_macro   0x00017567      0x2d1 ./Core/Src/tim.o
 .debug_macro   0x00017838      0x1d1 ./Drivers/STM32F1xx_HAL_Driver/Src/stm32f1xx_hal.o
 .debug_macro   0x00017a09      0x1ad ./Drivers/STM32F1xx_HAL_Driver/Src/stm32f1xx_hal_cortex.o
 .debug_macro   0x00017bb6      0x218 ./Drivers/STM32F1xx_HAL_Driver/Src/stm32f1xx_hal_gpio.o
 .debug_macro   0x00017dce      0x20d ./Drivers/STM32F1xx_HAL_Driver/Src/stm32f1xx_hal_pwr.o
 .debug_macro   0x00017fdb      0x1bf ./Drivers/STM32F1xx_HAL_Driver/Src/stm32f1xx_hal_rcc.o
 .debug_macro   0x0001819a      0x1ad ./Drivers/STM32F1xx_HAL_Driver/Src/stm32f1xx_hal_rcc_ex.o
 .debug_macro   0x00018347      0x1bc ./Drivers/STM32F1xx_HAL_Driver/Src/stm32f1xx_hal_rtc.o
 .debug_macro   0x00018503      0x1ae ./Drivers/STM32F1xx_HAL_Driver/Src/stm32f1xx_hal_tim.o
 .debug_macro   0x000186b1      0x1ad ./Drivers/STM32F1xx_HAL_Driver/Src/stm32f1xx_hal_tim_ex.o

.debug_line     0x00000000    0x11435
 .debug_line    0x00000000      0xac9 ./Core/Src/button.o
 .debug_line    0x00000ac9      0x8ff ./Core/Src/gpio.o
 .debug_line    0x000013c8     0x1079 ./Core/Src/main.o
 .debug_line    0x00002441      0x90b ./Core/Src/rtc.o
 .debug_line    0x00002d4c      0x8b1 ./Core/Src/stm32f1xx_hal_msp.o
 .debug_line    0x000035fd      0x9a2 ./Core/Src/stm32f1xx_it.o
 .debug_line    0x00003f9f      0x79c ./Core/Src/system_stm32f1xx.o
 .debug_line    0x0000473b      0x991 ./Core/Src/tim.o
 .debug_line    0x000050cc       0x78 ./Core/Startup/startup_stm32f103c8tx.o
 .debug_line    0x00005144      0x9dd ./Drivers/STM32F1xx_HAL_Driver/Src/stm32f1xx_hal.o
 .debug_line    0x00005b21      0xc42 ./Drivers/STM32F1xx_HAL_Driver/Src/stm32f1xx_hal_cortex.o
 .debug_line    0x00006763      0xbc0 ./Drivers/STM32F1xx_HAL_Driver/Src/stm32f1xx_hal_gpio.o
 .debug_line    0x00007323      0x9d5 ./Drivers/STM32F1xx_HAL_Driver/Src/stm32f1xx_hal_pwr.o
 .debug_line    0x00007cf8      0xfa7 ./Drivers/STM32F1xx_HAL_Driver/Src/stm32f1xx_hal_rcc.o
 .debug_line    0x00008c9f      0x975 ./Drivers/STM32F1xx_HAL_Driver/Src/stm32f1xx_hal_rcc_ex.o
 .debug_line    0x00009614     0x12d2 ./Drivers/STM32F1xx_HAL_Driver/Src/stm32f1xx_hal_rtc.o
 .debug_line    0x0000a8e6     0x4e2b ./Drivers/STM32F1xx_HAL_Driver/Src/stm32f1xx_hal_tim.o
 .debug_line    0x0000f711     0x1d24 ./Drivers/STM32F1xx_HAL_Driver/Src/stm32f1xx_hal_tim_ex.o

.debug_str      0x00000000    0x8ac3f
 .debug_str     0x00000000    0x86fbd ./Core/Src/button.o
                              0x8730a (size before relaxing)
 .debug_str     0x00086fbd       0xbe ./Core/Src/gpio.o
                              0x870f8 (size before relaxing)
 .debug_str     0x0008707b      0xc04 ./Core/Src/main.o
                              0x87fe4 (size before relaxing)
 .debug_str     0x00087c7f       0x64 ./Core/Src/rtc.o
                              0x87292 (size before relaxing)
 .debug_str     0x00087ce3       0x5a ./Core/Src/stm32f1xx_hal_msp.o
                              0x87080 (size before relaxing)
 .debug_str     0x00087d3d       0xfc ./Core/Src/stm32f1xx_it.o
                              0x8781e (size before relaxing)
 .debug_str     0x00087e39       0x7e ./Core/Src/system_stm32f1xx.o
                              0x83710 (size before relaxing)
 .debug_str     0x00087eb7      0x3e6 ./Core/Src/tim.o
                              0x87c36 (size before relaxing)
 .debug_str     0x0008829d       0x44 ./Core/Startup/startup_stm32f103c8tx.o
                                 0x84 (size before relaxing)
 .debug_str     0x000882e1      0x384 ./Drivers/STM32F1xx_HAL_Driver/Src/stm32f1xx_hal.o
                              0x83e63 (size before relaxing)
 .debug_str     0x00088665      0x294 ./Drivers/STM32F1xx_HAL_Driver/Src/stm32f1xx_hal_cortex.o
                              0x83d9d (size before relaxing)
 .debug_str     0x000888f9      0x2d2 ./Drivers/STM32F1xx_HAL_Driver/Src/stm32f1xx_hal_gpio.o
                              0x83ab6 (size before relaxing)
 .debug_str     0x00088bcb      0x4f5 ./Drivers/STM32F1xx_HAL_Driver/Src/stm32f1xx_hal_pwr.o
                              0x83c55 (size before relaxing)
 .debug_str     0x000890c0      0x21d ./Drivers/STM32F1xx_HAL_Driver/Src/stm32f1xx_hal_rcc.o
                              0x83b4d (size before relaxing)
 .debug_str     0x000892dd       0x9f ./Drivers/STM32F1xx_HAL_Driver/Src/stm32f1xx_hal_rcc_ex.o
                              0x8389d (size before relaxing)
 .debug_str     0x0008937c      0x2d6 ./Drivers/STM32F1xx_HAL_Driver/Src/stm32f1xx_hal_rtc.o
                              0x83c29 (size before relaxing)
 .debug_str     0x00089652     0x11b7 ./Drivers/STM32F1xx_HAL_Driver/Src/stm32f1xx_hal_tim.o
                              0x851c4 (size before relaxing)
 .debug_str     0x0008a809      0x436 ./Drivers/STM32F1xx_HAL_Driver/Src/stm32f1xx_hal_tim_ex.o
                              0x845c9 (size before relaxing)

.comment        0x00000000       0x43
 .comment       0x00000000       0x43 ./Core/Src/button.o
                                 0x44 (size before relaxing)
 .comment       0x00000043       0x44 ./Core/Src/gpio.o
 .comment       0x00000043       0x44 ./Core/Src/main.o
 .comment       0x00000043       0x44 ./Core/Src/rtc.o
 .comment       0x00000043       0x44 ./Core/Src/stm32f1xx_hal_msp.o
 .comment       0x00000043       0x44 ./Core/Src/stm32f1xx_it.o
 .comment       0x00000043       0x44 ./Core/Src/system_stm32f1xx.o
 .comment       0x00000043       0x44 ./Core/Src/tim.o
 .comment       0x00000043       0x44 ./Drivers/STM32F1xx_HAL_Driver/Src/stm32f1xx_hal.o
 .comment       0x00000043       0x44 ./Drivers/STM32F1xx_HAL_Driver/Src/stm32f1xx_hal_cortex.o
 .comment       0x00000043       0x44 ./Drivers/STM32F1xx_HAL_Driver/Src/stm32f1xx_hal_gpio.o
 .comment       0x00000043       0x44 ./Drivers/STM32F1xx_HAL_Driver/Src/stm32f1xx_hal_pwr.o
 .comment       0x00000043       0x44 ./Drivers/STM32F1xx_HAL_Driver/Src/stm32f1xx_hal_rcc.o
 .comment       0x00000043       0x44 ./Drivers/STM32F1xx_HAL_Driver/Src/stm32f1xx_hal_rcc_ex.o
 .comment       0x00000043       0x44 ./Drivers/STM32F1xx_HAL_Driver/Src/stm32f1xx_hal_rtc.o
 .comment       0x00000043       0x44 ./Drivers/STM32F1xx_HAL_Driver/Src/stm32f1xx_hal_tim.o
 .comment       0x00000043       0x44 ./Drivers/STM32F1xx_HAL_Driver/Src/stm32f1xx_hal_tim_ex.o

.debug_frame    0x00000000     0x3064
 .debug_frame   0x00000000      0x11c ./Core/Src/button.o
 .debug_frame   0x0000011c       0x34 ./Core/Src/gpio.o
 .debug_frame   0x00000150      0x1d0 ./Core/Src/main.o
 .debug_frame   0x00000320       0x80 ./Core/Src/rtc.o
 .debug_frame   0x000003a0       0x38 ./Core/Src/stm32f1xx_hal_msp.o
 .debug_frame   0x000003d8      0x13c ./Core/Src/stm32f1xx_it.o
 .debug_frame   0x00000514       0x58 ./Core/Src/system_stm32f1xx.o
 .debug_frame   0x0000056c       0xa0 ./Core/Src/tim.o
 .debug_frame   0x0000060c      0x334 ./Drivers/STM32F1xx_HAL_Driver/Src/stm32f1xx_hal.o
 .debug_frame   0x00000940      0x424 ./Drivers/STM32F1xx_HAL_Driver/Src/stm32f1xx_hal_cortex.o
 .debug_frame   0x00000d64      0x138 ./Drivers/STM32F1xx_HAL_Driver/Src/stm32f1xx_hal_gpio.o
 .debug_frame   0x00000e9c      0x260 ./Drivers/STM32F1xx_HAL_Driver/Src/stm32f1xx_hal_pwr.o
 .debug_frame   0x000010fc      0x214 ./Drivers/STM32F1xx_HAL_Driver/Src/stm32f1xx_hal_rcc.o
 .debug_frame   0x00001310       0x80 ./Drivers/STM32F1xx_HAL_Driver/Src/stm32f1xx_hal_rcc_ex.o
 .debug_frame   0x00001390      0x438 ./Drivers/STM32F1xx_HAL_Driver/Src/stm32f1xx_hal_rtc.o
 .debug_frame   0x000017c8     0x122c ./Drivers/STM32F1xx_HAL_Driver/Src/stm32f1xx_hal_tim.o
 .debug_frame   0x000029f4      0x624 ./Drivers/STM32F1xx_HAL_Driver/Src/stm32f1xx_hal_tim_ex.o
 .debug_frame   0x00003018       0x20 C:/ST/STM32CubeIDE_1.12.1/STM32CubeIDE/plugins/com.st.stm32cube.ide.mcu.externaltools.gnu-tools-for-stm32.12.3.rel1.win32_1.0.200.202406191623/tools/bin/../lib/gcc/arm-none-eabi/12.3.1/../../../../arm-none-eabi/lib/thumb/v7-m/nofp\libc_nano.a(libc_a-memset.o)
 .debug_frame   0x00003038       0x2c C:/ST/STM32CubeIDE_1.12.1/STM32CubeIDE/plugins/com.st.stm32cube.ide.mcu.externaltools.gnu-tools-for-stm32.12.3.rel1.win32_1.0.200.202406191623/tools/bin/../lib/gcc/arm-none-eabi/12.3.1/../../../../arm-none-eabi/lib/thumb/v7-m/nofp\libc_nano.a(libc_a-init.o)

.debug_line_str
                0x00000000       0x68
 .debug_line_str
                0x00000000       0x68 ./Core/Startup/startup_stm32f103c8tx.o
