../Core/Src/Clock.cpp:11:6:clockStart	16	static
../Core/Src/Clock.cpp:36:6:clockControl	24	static
../Core/Src/Clock.cpp:127:6:dateChoose	16	static
../Core/Src/Clock.cpp:170:6:timeChoose	16	static
../Core/Src/Clock.cpp:212:6:resetTube	8	static
../Core/Src/Clock.cpp:224:6:dataSend	24	static,ignoring_inline_asm
../Core/Src/Menu.cpp:11:6:screenChange	4	static
../Core/Src/Menu.cpp:25:6:settings	48	static
../Core/Src/main.c:75:5:main	8	static
../Core/Src/main.c:209:6:SystemClock_Config	88	static
../Core/Src/main.c:253:6:HAL_TIM_PeriodElapsedCallback	16	static
../Core/Src/main.c:272:6:Error_Handler	4	static,ignoring_inline_asm
../Core/Src/main.c:291:6:assert_failed	16	static
